=== System Report: 20250807_101330 ===

--- CPU Load ---
 10:13:30 up 1 day, 20:07,  2 users,  load average: 0.00, 0.00, 0.00

--- Memory Usage ---
               total        used        free      shared  buff/cache   available
Mem:           904Mi       258Mi       122Mi       0.0Ki       524Mi       486Mi
Swap:             0B          0B          0B

--- Disk Usage ---
Filesystem        Size  Used Avail Use% Mounted on
devtmpfs          4.0M     0  4.0M   0% /dev
tmpfs             453M     0  453M   0% /dev/shm
tmpfs             181M  464K  181M   1% /run
/dev/nvme0n1p1    8.0G  2.0G  6.1G  25% /
tmpfs             453M     0  453M   0% /tmp
/dev/nvme0n1p128   10M  1.3M  8.7M  13% /boot/efi
tmpfs              91M     0   91M   0% /run/user/1000

--- Network Info ---
1: lo: <LOOPBACK,UP,LOWER_UP> mtu 65536 qdisc noqueue state UNKNOWN group default qlen 1000
    link/loopback 00:00:00:00:00:00 brd 00:00:00:00:00:00
    inet 127.0.0.1/8 scope host lo
       valid_lft forever preferred_lft forever
    inet6 ::1/128 scope host noprefixroute 
       valid_lft forever preferred_lft forever
2: ens5: <BROADCAST,MULTICAST,UP,LOWER_UP> mtu 9001 qdisc mq state UP group default qlen 1000
    link/ether 0a:3b:42:e0:61:ef brd ff:ff:ff:ff:ff:ff
    altname enp0s5
    altname eni-0d1d7ee8d4be92b68
    altname device-number-0.0
    inet 172.31.17.222/20 metric 512 brd 172.31.31.255 scope global dynamic ens5
       valid_lft 3135sec preferred_lft 3135sec
    inet6 fe80::83b:42ff:fee0:61ef/64 scope link proto kernel_ll 
       valid_lft forever preferred_lft forever
3: docker0: <NO-CARRIER,BROADCAST,MULTICAST,UP> mtu 1500 qdisc noqueue state DOWN group default 
    link/ether 02:42:6f:07:62:cf brd ff:ff:ff:ff:ff:ff
    inet 172.17.0.1/16 brd 172.17.255.255 scope global docker0
       valid_lft forever preferred_lft forever
